[www.hw.ac.uk/dubai/index.html]
[www.hw.ac.uk/apple-touch-icon5e1f.png]
[backblue.gif]
[fade.gif]
[index.html]
[cdn-ukwest.onetrust.com/scripttemplates/otSDKStub.js]
[www.hw.ac.uk/includes/dist/css/main-2020-legacy-v3.css]
[www.hw.ac.uk/dubai/study.html]
[www.hw.ac.uk/dubai/index-2.html]
[www.hw.ac.uk/dubai/study/courses.html]
[www.hw.ac.uk/dubai/study/global-college.html]
[www.hw.ac.uk/dubai/study/rankings.html]
[www.hw.ac.uk/dubai/study/meet-our-students.html]
[www.hw.ac.uk/dubai/study/why/degree-entry-programme.html]
[www.hw.ac.uk/dubai/study/why/undergraduate.html]
[www.hw.ac.uk/dubai/study/why/postgraduate.html]
[www.hw.ac.uk/dubai/study/go-global.html]
[www.hw.ac.uk/dubai/study/fees-funding.html]
[www.hw.ac.uk/dubai/study/fees/fees.html]
[www.hw.ac.uk/dubai/study/fees/scholarships.html]
[www.hw.ac.uk/dubai/study/apply.html]
[www.hw.ac.uk/dubai/study/apply/visa-requirements.html]
[www.hw.ac.uk/dubai/study/apply/entry-dates.html]
[www.hw.ac.uk/dubai/study/apply/academic-calendar.html]
[www.hw.ac.uk/dubai/study/apply/english-language-requirements.html]
[www.hw.ac.uk/dubai/img/future-made-for-success-480x240.jpg]
[www.hw.ac.uk/dubai/campus.html]
[www.hw.ac.uk/dubai/campus/new-campus.html]
[www.hw.ac.uk/dubai/campus/virtual-tour.html]
[www.hw.ac.uk/dubai/campus/facilities.html]
[www.hw.ac.uk/dubai/campus/accommodation.html]
[www.hw.ac.uk/dubai/campus/clubs-activities.html]
[www.hw.ac.uk/dubai/campus/student-service-centre.html]
[www.hw.ac.uk/dubai/campus/transport.html]
[www.hw.ac.uk/dubai/img/dubai-reception-cafe.jpg]
[www.hw.ac.uk/dubai/visit-us.html]
[www.hw.ac.uk/dubai/visit/maps-directions.html]
[www.hw.ac.uk/dubai/visit/contact-us.html]
[www.hw.ac.uk/dubai/visit/meet-our-team.html]
[www.hw.ac.uk/dubai/research.html]
[www.hw.ac.uk/dubai/research/smart-construction.html]
[www.hw.ac.uk/dubai/research/cesc/about.html]
[www.hw.ac.uk/dubai/research/cesc/research-and-innovation.html]
[www.hw.ac.uk/dubai/research/cesc/people.html]
[www.hw.ac.uk/dubai/research/cesc/courses.html]
[www.hw.ac.uk/dubai/research/cesc/contact.html]
[www.hw.ac.uk/dubai/img/dubai-futuristic-nighttime-480x240.jpg]
[www.hw.ac.uk/dubai/about-us.html]
[www.hw.ac.uk/dubai/about/expo-2020-dubai.html]
[www.hw.ac.uk/dubai/about/dubai-uae.html]
[www.hw.ac.uk/dubai/about/schools.html]
[www.hw.ac.uk/dubai/about/schools/degree-entry-programme.html]
[www.hw.ac.uk/dubai/about/schools/energy-geoscience-infrastructure-society.html]
[www.hw.ac.uk/dubai/about/schools/engineering-physical-sciences.html]
[www.hw.ac.uk/dubai/about/schools/mathematical-computer-sciences.html]
[www.hw.ac.uk/dubai/about/schools/edinburgh-business-school.html]
[www.hw.ac.uk/dubai/about/schools/textiles-design.html]
[www.hw.ac.uk/dubai/about/professional-services.html]
[www.hw.ac.uk/dubai/about/recruit-our-students.html]
[www.hw.ac.uk/dubai/about/industry-partnerships.html]
[www.hw.ac.uk/dubai/about/our-leadership.html]
[www.hw.ac.uk/dubai/about/our-teams.html]
[www.hw.ac.uk/dubai/img/dubai-cityscape-480x240.jpg]
[www.hw.ac.uk/dubai/news.html]
[www.hw.ac.uk/dubai/news/media-enquiries.html]
[www.hw.ac.uk/dubai/news/events.html]
[www.hw.ac.uk/dubai/img/news.jpg]
[player.vimeo.com/api/player.js]
[www.hw.ac.uk/dubai/img/OpenDay2022_rdax_640x480_75.png]
[www.hw.ac.uk/dubai/img/Scholarshipfuturemade_rdax_640x480_75.png]
[www.hw.ac.uk/dubai/img/james-watt-fireworks-600x450_rdax_75s.jpg]
[www.hw.ac.uk/dubai/img/schema-dubai-4x3_rdax_800x600_100s.jpg]
[www.hw.ac.uk/dubai/img/schema-dubai-campus-16x9_rdax_800x450_100s.jpg]
[www.hw.ac.uk/includes/images/expo-2020-logo.png]
[www.hw.ac.uk/includes/images/asb-colour.png]
[www.hw.ac.uk/includes/images/tef-silver.png]
[www.hw.ac.uk/dist/assets/js/hw-merged.js]
[www.hw.ac.uk/dist/assets/js/typeahead.bundle.min.js]
[www.hw.ac.uk/dist/assets/js/handlebars.min-v4.7.7.js]
[www.hw.ac.uk/dist/assets/js/funnelback.autocompletion-2.6.0.js]
[www.hw.ac.uk/dubai/element.href]
[kit.fontawesome.com/59de8b047c.js]
[www.hw.ac.uk/dubai/index.html]
[cdn1.thelivechatsoftware.com/assets/liveadmins/hw.ac.uk/chatloader.min.js]
[www.hw.ac.uk/includes/dist/images/undergrad-search.jpg]
[www.hw.ac.uk/includes/dist/images/undergrad-apply.jpg]
[www.hw.ac.uk/includes/dist/images/undergrad/open-days.jpg]
[www.hw.ac.uk/includes/dist/images/undergrad/accommodation.jpg]
[www.hw.ac.uk/includes/dist/images/undergrad/international-students.jpg]
[www.hw.ac.uk/includes/dist/images/undergrad/campus-tours.jpg]
[www.hw.ac.uk/includes/dist/images/undergrad-scholarships.jpg]
[www.hw.ac.uk/includes/dist/images/undergrad-support-bg.jpg]
[www.hw.ac.uk/heriot-watt-v2/includes/images/clearing/1.png]
[www.hw.ac.uk/heriot-watt-v2/includes/images/clearing/2.png]
[www.hw.ac.uk/heriot-watt-v2/includes/images/clearing/3.png]
[www.hw.ac.uk/heriot-watt-v2/includes/images/clearing/4.png]
[www.hw.ac.uk/heriot-watt-v2/includes/images/clearing/5.png]
[www.hw.ac.uk/heriot-watt-v2/includes/images/GRID/white_dots.png]
[www.hw.ac.uk/heriot-watt-v2/includes/images/GRID/MOSAIC_Tiles_Background.png]
[www.hw.ac.uk/heriot-watt-v2/includes/images/GRID/small_dot.png]
[www.hw.ac.uk/heriot-watt-v2/includes/images/GRID/medium_dot.png]
[www.hw.ac.uk/heriot-watt-v2/includes/images/WATT-MATTERS/side-logo.png]
[www.hw.ac.uk/heriot-watt-v2/includes/images/WATT-MATTERS/logo.png]
[www.hw.ac.uk/includes/dist/css/main-2020-legacy-v3.css]
[www.googletagmanager.com/gtm5445.html]
[www.hw.ac.uk/dubai/index-2.html]
[www.hw.ac.uk/dubai/study.html]
[www.hw.ac.uk/dubai/doc/HWUDProspectusJune2022.pdf]
[www.hw.ac.uk/dubai/study/element.77.delayed]
[www.hw.ac.uk/dubai/study/courses.html]
[www.hw.ac.uk/dubai/img/banners/GlobalCollegebanner.jpg]
[www.hw.ac.uk/dubai/img/studentaccommodation.jpg]
[www.hw.ac.uk/dubai/img/banners/Studentlifeandwellbeing.jpg]
[www.hw.ac.uk/dubai/img/banners/dubai-banner-9-1800x750_rdax_480x200s.jpg]
[www.hw.ac.uk/dubai/img/banners/GlobalCollegebanner_rdax_720x216_80s.jpg]
[www.hw.ac.uk/dubai/img/Dubaiburjkhalifa_rdax_960x644s.jpg]
[www.hw.ac.uk/dubai/img/students.jpg]
[www.hw.ac.uk/dubai/study/GET]
[www.hw.ac.uk/dubai/study/global-college.html]
[www.hw.ac.uk/dubai/study/rankings.html]
[www.hw.ac.uk/dubai/study/meet-our-students.html]
[www.hw.ac.uk/dubai/study/why/dep/aimee-m-lemma.html]
[www.hw.ac.uk/dubai/study/why/dep/farah-labib.html]
[www.hw.ac.uk/dubai/study/why/dep/muhammad-sajid.html]
[www.hw.ac.uk/dubai/study/why/element.href]
[www.hw.ac.uk/dubai/study/why/degree-entry-programme.html]
[www.hw.ac.uk/dubai/study/why/ug/radhika-kumar.html]
[www.hw.ac.uk/dubai/study/why/ug/samima-saqib.html]
[www.hw.ac.uk/dubai/study/why/ug/pooja-ganatra.html]
[www.hw.ac.uk/dubai/study/why/ug/aditya-krishnan.html]
[www.hw.ac.uk/dubai/study/why/ug/sarita-bhattarai.html]
[www.hw.ac.uk/dubai/study/why/ug/nadia-abdullah-othmani.html]
[www.hw.ac.uk/dubai/study/why/ug/ahad-butt.html]
[www.hw.ac.uk/dubai/study/why/ug/inas-kamel.html]
[www.hw.ac.uk/dubai/study/why/ug/mohammad-zubayr-bhatti.html]
[www.hw.ac.uk/dubai/study/why/ug/balraj-singh-bains.html]
[www.hw.ac.uk/dubai/study/why/ug/amjed-al-mouaqet.html]
[www.hw.ac.uk/dubai/study/why/ug/zhansaya-kussainova.html]
[www.hw.ac.uk/dubai/study/why/ug/farah-mahmood-moosa-al-zadjali.html]
[www.hw.ac.uk/dubai/study/why/ug/attiya-laher.html]
[www.hw.ac.uk/dubai/study/why/ug/melika-ardestani.html]
[www.hw.ac.uk/dubai/study/why/ug/salma-mehjabeen.html]
[www.hw.ac.uk/dubai/study/why/ug/vrinda-suru.html]
[www.hw.ac.uk/dubai/study/why/ug/ahmed-fardan.html]
[www.hw.ac.uk/dubai/study/why/ug/amal-hindash.html]
[www.hw.ac.uk/dubai/study/why/ug/khurana-maitri.html]
[www.hw.ac.uk/dubai/study/why/ug/lakshmi-chandrasekaran.html]
[www.hw.ac.uk/dubai/study/why/ug/shravanti-shankar.html]
[www.hw.ac.uk/dubai/study/why/undergraduate.html]
[www.hw.ac.uk/dubai/study/why/ug/yovella-murzello.html]
[www.hw.ac.uk/dubai/study/why/pg/ishu-miglani.html]
[www.hw.ac.uk/dubai/study/why/pg/thripthi-gee-raj.html]
[www.hw.ac.uk/dubai/study/why/pg/rasha-tareq-abdulmunam.html]
[www.hw.ac.uk/dubai/study/why/pg/shaheena-althaf.html]
[www.hw.ac.uk/dubai/study/why/pg/sanjna-elizabeth-sanjay.html]
[www.hw.ac.uk/dubai/study/why/pg/bashar-kayali.html]
[www.hw.ac.uk/dubai/study/why/pg/suzanna-thankam-jacob.html]
[www.hw.ac.uk/dubai/study/why/pg/mohammad-fawaz-almomani.html]
[www.hw.ac.uk/dubai/study/why/pg/rahul-bhatia.html]
[www.hw.ac.uk/dubai/study/why/pg/khalifa-elhami.html]
[www.hw.ac.uk/dubai/study/why/pg/m-vucic.html]
[www.hw.ac.uk/dubai/study/why/pg/farheen-jeelani.html]
[www.hw.ac.uk/dubai/study/why/pg/p-taylor.html]
[www.hw.ac.uk/dubai/study/why/pg/khaldoun-aboutaleb.html]
[www.hw.ac.uk/dubai/study/why/pg/grace-asemota.html]
[www.hw.ac.uk/dubai/study/why/postgraduate.html]
[www.hw.ac.uk/dubai/study/why/pg/julia-dietz.html]
[www.hw.ac.uk/dubai/img/Banners/go-global-banner-1800x750_rdax_1536x640s.jpg]
[www.hw.ac.uk/dubai/img/go-global/JT6A4041-dubai-640x360_rdax_480x270s.jpg]
[www.hw.ac.uk/dubai/img/go-global/yves-alarie-9tAtK5ESRy0-unsplash-640x360_rdax_480x270s.jpg]
[www.hw.ac.uk/dubai/img/go-global/malaysia-campus-aerial-640x360_rdax_480x270s.jpg]
[www.hw.ac.uk/dubai/img/Banners/go-global-banner-1800x750_rdax_720x300_80s.jpg]
[www.hw.ac.uk/dubai/img/go-global/go-global-tablet-guy-900x600.jpg]
[www.hw.ac.uk/dubai/img/go-global/go-global-arrivals-900x600.jpg]
[www.hw.ac.uk/dubai/img/go-global/go-global-stairs-900x600.jpg]
[www.hw.ac.uk/dubai/img/go-global/globe-blue-on-yellow.png]
[www.hw.ac.uk/dubai/img/go-global/cap-scroll-134h.png]
[www.hw.ac.uk/dubai/img/go-global/trophy-yellow-on-blue.png]
[www.hw.ac.uk/dubai/img/go-global/arrow-blue-on-white.png]
[www.hw.ac.uk/dubai/study/go-global.html]
[www.hw.ac.uk/dubai/study/fees-funding.html]
[www.hw.ac.uk/dubai/doc/StudentFinancialResponsibilities.pdf]
[www.hw.ac.uk/dubai/study/fees/element.href]
[www.hw.ac.uk/dubai/study/fees/fees.html]
[www.hw.ac.uk/dubai/study/postgraduate/civil-engineering-construction-management.html]
[www.hw.ac.uk/dubai/study/undergraduate/civil-engineering.html]
[www.hw.ac.uk/dubai/doc/dubai-campus-scholarship-form-2020.pdf]
[www.hw.ac.uk/dubai/doc/dubai-campus-scholarship-form-2022.pdf]
[www.hw.ac.uk/dubai/img/Edinburgh-City-640x360_rdax_480x270p.jpg]
[www.hw.ac.uk/dubai/study/fees/scholarships.html]
[www.hw.ac.uk/dubai/study/apply.html]
[www.hw.ac.uk/dubai/doc/StudentVisaApplicationJune2022.pdf]
[www.hw.ac.uk/dubai/doc/Studentvisaapplication.pdf]
[www.hw.ac.uk/dubai/doc/Studentvisaguidelines.pdf]
[www.hw.ac.uk/dubai/doc/studentsvisacancekkationUpdatedFeb22.pdf]
[www.hw.ac.uk/dubai/doc/studentvisarenewel.pdf]
[www.hw.ac.uk/dubai/study/apply/element.href]
[www.hw.ac.uk/dubai/study/apply/visa-requirements.html]
[www.hw.ac.uk/dubai/study/apply/entry-dates.html]
[www.hw.ac.uk/dubai/study/apply/academic-calendar.html]
[www.hw.ac.uk/dubai/study/apply/english-language-requirements.html]
[www.hw.ac.uk/dubai/img/HeriotWattDubainewcampus480x240.jpg]
[www.hw.ac.uk/dubai/img/dubai-library-students-480x240.jpg]
[www.hw.ac.uk/dubai/img/accommodation-duck.jpg]
[www.hw.ac.uk/dubai/img/90-day-trial-offer-students-480x240.jpg]
[www.hw.ac.uk/dubai/img/DubaiStudentServiceCentre.jpg]
[www.hw.ac.uk/dubai/img/dubai-signpost-480x240.jpg]
[www.hw.ac.uk/dubai/img/HeriotWattDubaitransportlinks_rdax_480x270s.jpg]
[www.hw.ac.uk/dubai/campus.html]
[www.hw.ac.uk/dubai/img/heriotwattimage.jpg]
[www.hw.ac.uk/dubai/img/heriotwattimage2_rdax_800x450s.jpg]
[www.hw.ac.uk/dubai/campus/element.href]
[www.hw.ac.uk/dubai/campus/new-campus.html]
[www.hw.ac.uk/dubai/img/l00-reception-cafe_rdax_480x270s.jpg]
[www.hw.ac.uk/dubai/img/l00-townhall_rdax_480x270s.jpg]
[www.hw.ac.uk/dubai/img/l00-workshop_rdax_480x270s.jpg]
[www.hw.ac.uk/dubai/img/l01-cafe_rdax_480x270s.jpg]
[www.hw.ac.uk/dubai/img/l01-helpdesk_rdax_480x270s.jpg]
[www.hw.ac.uk/dubai/img/l02-block-c_rdax_480x270s.jpg]
[www.hw.ac.uk/dubai/img/l02-multiplex-event_rdax_480x270s.jpg]
[www.hw.ac.uk/dubai/img/l04-block-c_rdax_480x270s.jpg]
[www.hw.ac.uk/dubai/img/l05-block-b_rdax_480x270s.jpg]
[www.hw.ac.uk/dubai/img/l06-robotics-lab_rdax_480x270s.jpg]
[www.hw.ac.uk/dubai/img/l06-chemistry-lab_rdax_480x270s.jpg]
[www.hw.ac.uk/dubai/img/l06-multiplex-large-pod_rdax_480x270s.jpg]
[www.hw.ac.uk/dubai/img/l06-flexible-dry-lab-elec_rdax_480x270s.jpg]
[www.hw.ac.uk/dubai/doc/HWUDCampusMap.pdf]
[www.hw.ac.uk/dubai/campus/virtual-tour.html]
[www.hw.ac.uk/dubai/img/dubai-library-students-1200x675.jpg]
[www.hw.ac.uk/dubai/img/dubai-computer-lab-800x450.jpg]
[www.hw.ac.uk/dubai/img/dubai-engineering-group-1200x675_rdax_800x450s.jpg]
[www.hw.ac.uk/dubai/campus/facilities.html]
[www.hw.ac.uk/dubai/img/HeriotWattDubainewcampus.jpg]
[www.hw.ac.uk/dubai/campus/accommodation.html]
[www.hw.ac.uk/dubai/img/90-day-trial-offer-students.jpg]
[www.hw.ac.uk/dubai/campus/clubs-activities.html]
[www.hw.ac.uk/dubai/img/SSC.jpg]
[www.hw.ac.uk/dubai/campus/student-service-centre.html]
[www.hw.ac.uk/dubai/img/dubai-signpost-800x450.jpg]
[www.hw.ac.uk/dubai/campus/transport.html]
[www.hw.ac.uk/dubai/img/dubai-campus-knowledge-city-main.jpg]
[www.hw.ac.uk/dubai/visit-us.html]
[www.hw.ac.uk/dubai/img/Mapnew.jpg]
[www.hw.ac.uk/dubai/visit/element.href]
[www.hw.ac.uk/dubai/visit/maps-directions.html]
[www.hw.ac.uk/dubai/doc/InterimCampusStaffDirectoryedit.pdf]
[www.hw.ac.uk/dubai/visit/contact-us.html]
[www.hw.ac.uk/dubai/visit/meet-our-team.html]
[www.hw.ac.uk/dubai/img/motorway-junction-aerial-1000x800_rdax_725x580s.jpg]
[www.hw.ac.uk/dubai/img/dubai-futuristic-nighttime-900x600.jpg]
[www.hw.ac.uk/dubai/research.html]
[www.hw.ac.uk/dubai/img/dubai-futuristic-nighttime-1800x750_rdax_1536x640s.jpg]
[www.hw.ac.uk/dubai/img/construction-workers-sunset-600x300_rdax_480x240s.jpg]
[www.hw.ac.uk/dubai/img/virtual-events-v1-600x300_rdax_480x240s.jpg]
[www.hw.ac.uk/dubai/img/actuarial-science-600x300_rdax_480x240s.jpg]
[www.hw.ac.uk/dubai/engd-construction.html]
[www.hw.ac.uk/dubai/research/cesc/recent-publications.html]
[www.hw.ac.uk/dubai/research/cesc/aldar.html]
[www.hw.ac.uk/dubai/research/cesc/alec.html]
[www.hw.ac.uk/dubai/research/cesc/asgc.html]
[www.hw.ac.uk/dubai/research/cesc/jacobs.html]
[www.hw.ac.uk/dubai/research/cesc/jll.html]
[www.hw.ac.uk/dubai/research/cesc/mott-macdonald.html]
[www.hw.ac.uk/dubai/research/cesc/polypipe.html]
[www.hw.ac.uk/dubai/research/element.href]
[www.hw.ac.uk/dubai/research/smart-construction.html]
[www.hw.ac.uk/dubai/img/cesc-v2-banner-full.jpg]
[www.hw.ac.uk/dubai/research/cesc/partners.html]
[www.hw.ac.uk/dubai/research/cesc/become-member.html]
[www.hw.ac.uk/dubai/research/cesc/element.href]
[www.hw.ac.uk/dubai/research/cesc/about.html]
[www.hw.ac.uk/dubai/research/cesc/funded-projects.html]
[www.hw.ac.uk/dubai/research/cesc/phd-abstracts.html]
[www.hw.ac.uk/dubai/doc/CESCBulletincomp.pdf]
[www.hw.ac.uk/dubai/research/cesc/research-and-innovation.html]
[www.hw.ac.uk/dubai/research/cesc/olisanwendu-ogwuda.html]
[www.hw.ac.uk/dubai/research/cesc/ammar-kaka.html]
[www.hw.ac.uk/dubai/research/cesc/dr-anas-bataw.html]
[www.hw.ac.uk/dubai/research/cesc/non-executive-board.html]
[www.hw.ac.uk/dubai/profiles/teaching/linsey-dolan-thomson.html]
[www.hw.ac.uk/dubai/profiles/teaching/matthew-smith.html]
[www.hw.ac.uk/dubai/research/cesc/people.html]
[www.hw.ac.uk/dubai/img/CESCcourses1200.jpg]
[www.hw.ac.uk/dubai/research/cesc/courses.html]
[www.hw.ac.uk/dubai/research/cesc/contact.html]
[www.hw.ac.uk/dubai/doc/research-connect-newsletter-iss-1.pdf]
[www.hw.ac.uk/dubai/doc/research-connect-at-dubai-issue-2.pdf]
[www.hw.ac.uk/dubai/doc/research-connect-at-dubai-issue-3.pdf]
[www.hw.ac.uk/dubai/about-us.html]
[www.hw.ac.uk/dubai/img/Expoimage.png]
[www.hw.ac.uk/dubai/events/sustainability-in-construction-hackathon.htm]
[www.hw.ac.uk/dubai/about/element.href]
[www.hw.ac.uk/dubai/about/expo-2020-dubai.html]
[www.hw.ac.uk/dubai/img/dubai-waterfront-800x450.jpg]
[www.hw.ac.uk/dubai/about/dubai-uae.html]
[www.hw.ac.uk/dubai/about/schools.html]
[www.hw.ac.uk/dubai/img/Girlstudying_rdax_480x303.png]
[www.hw.ac.uk/dubai/img/Studentsenjoying_rdax_480x320.png]
[www.hw.ac.uk/dubai/img/Programme_rdax_480x320.png]
[www.hw.ac.uk/dubai/about/schools/dep/staff.html]
[www.hw.ac.uk/dubai/study/degree-entry/dep-management-psychology.html]
[www.hw.ac.uk/dubai/about/schools/element.href]
[www.hw.ac.uk/dubai/about/schools/degree-entry-programme.html]
[www.hw.ac.uk/dubai/img/Girlworkingoncomp_rdax_480x324.png]
[www.hw.ac.uk/dubai/img/ladyinfrontofanalytics_rdax_480x270.png]
[www.hw.ac.uk/dubai/img/personworkingonlaptop_rdax_480x320.png]
[www.hw.ac.uk/dubai/about/schools/energy-geoscience-infrastructure-society.html]
[www.hw.ac.uk/dubai/about/schools/egis/staff.html]
[www.hw.ac.uk/dubai/img/studying_rdax_480x320.png]
[www.hw.ac.uk/dubai/img/studentsstudying_rdax_480x320.png]
[www.hw.ac.uk/dubai/img/girlwriting_rdax_480x306.png]
[www.hw.ac.uk/dubai/about/schools/engineering-physical-sciences.html]
[www.hw.ac.uk/dubai/about/schools/eps/staff.html]
[www.hw.ac.uk/dubai/img/studentstogether_rdax_480x320.png]
[www.hw.ac.uk/dubai/img/Girlonlaptop_rdax_480x320.png]
[www.hw.ac.uk/dubai/img/shutterstock_1821464747_rdax_480x320s.jpg]
[www.hw.ac.uk/dubai/about/schools/mathematical-computer-sciences.html]
[www.hw.ac.uk/dubai/about/schools/macs/staff.html]
[www.hw.ac.uk/dubai/img/EBSlogo_rdax_1200x628.png]
[www.hw.ac.uk/dubai/img/MBAedit_rdax_480x320.png]
[www.hw.ac.uk/dubai/img/Postgraduate_rdax_480x320.png]
[www.hw.ac.uk/dubai/img/Undergraduateprogramme_rdax_480x320.png]
[www.hw.ac.uk/dubai/img/Testimonial_rdax_480x320.png]
[www.hw.ac.uk/dubai/about/schools/ebs/edinburgh-business-school-incubator.html]
[www.hw.ac.uk/dubai/about/schools/ebs/staff.html]
[www.hw.ac.uk/dubai/about/schools/edinburgh-business-school.html]
[www.hw.ac.uk/dubai/study/postgraduate/masters-business-administration.html]
[www.hw.ac.uk/dubai/img/ladytalkingtostudent_rdax_480x320.png]
[www.hw.ac.uk/dubai/img/studentsindiscussion_rdax_480x320.png]
[www.hw.ac.uk/dubai/img/shutterstock_346830593_rdax_480x320s.jpg]
[www.hw.ac.uk/dubai/about/schools/textiles-design.html]
[www.hw.ac.uk/dubai/about/schools/tex/staff.html]
[www.hw.ac.uk/dubai/profiles/services/dubai/abdelrahman-el-nimer.html]
[www.hw.ac.uk/dubai/profiles/services/dubai/ablante-endalkachew.html]
[www.hw.ac.uk/dubai/profiles/services/dubai/adriana-matons.html]
[www.hw.ac.uk/dubai/img/Profiles/Khan_rdax_208x260p.jpg]
[www.hw.ac.uk/dubai/profiles/services/dubai/aftab-ali-khan.html]
[www.hw.ac.uk/dubai/profiles/services/dubai/aiman-kamel.html]
[www.hw.ac.uk/dubai/profiles/services/dubai/aisha-shaikh.html]
[www.hw.ac.uk/dubai/profiles/services/dubai/albin-jose.html]
[www.hw.ac.uk/dubai/profiles/services/dubai/alexandr-leonets.html]
[www.hw.ac.uk/dubai/img/alicia-gabriel_rdax_208x260s.jpg]
[www.hw.ac.uk/dubai/profiles/services/dubai/alicia-gabriel.html]
[www.hw.ac.uk/dubai/profiles/services/dubai/alison-chan.html]
[www.hw.ac.uk/dubai/profiles/services/dubai/allyson-fiona-noble.html]
[www.hw.ac.uk/dubai/img/ammar-kaka_rdax_208x260s.jpg]
[www.hw.ac.uk/dubai/profiles/services/dubai/ammar-kaka.html]
[www.hw.ac.uk/dubai/profiles/services/dubai/anas-ghoush.html]
[www.hw.ac.uk/dubai/profiles/services/dubai/arnab-acharyya.html]
[www.hw.ac.uk/dubai/profiles/services/dubai/ashik-salim.html]
[www.hw.ac.uk/dubai/img/Profiles/Saula_rdax_208x260p.jpg]
[www.hw.ac.uk/dubai/profiles/services/dubai/ayubu-saula.html]
[www.hw.ac.uk/dubai/img/Profiles/Maben_rdax_208x260p.jpg]
[www.hw.ac.uk/dubai/profiles/services/dubai/benita-maben.html]
[www.hw.ac.uk/dubai/profiles/services/dubai/bhea-pulido.html]
[www.hw.ac.uk/dubai/profiles/services/dubai/cameron-mehrabanpour.html]
[www.hw.ac.uk/dubai/profiles/services/dubai/caroline-rebello.html]
[www.hw.ac.uk/dubai/profiles/services/dubai/charlotte-ramsey.html]
[www.hw.ac.uk/dubai/profiles/services/dubai/charlotte-turner.html]
[www.hw.ac.uk/dubai/profiles/services/dubai/chiara-maria-cutajar.html]
[www.hw.ac.uk/dubai/img/Profiles/Browning_rdax_208x260p.jpg]
[www.hw.ac.uk/dubai/profiles/services/dubai/claire-roper-browning.html]
[www.hw.ac.uk/dubai/profiles/services/dubai/daxa-bodha.html]
[www.hw.ac.uk/dubai/profiles/services/dubai/deiptii-pataskar.html]
[www.hw.ac.uk/dubai/profiles/services/dubai/dina-massoud.html]
[www.hw.ac.uk/dubai/profiles/services/dubai/elizabeth-fowler.html]
[www.hw.ac.uk/dubai/profiles/services/dubai/erum-ahmer.html]
[www.hw.ac.uk/dubai/img/Profiles/Fahad_rdax_174x260p.jpg]
[www.hw.ac.uk/dubai/profiles/services/dubai/fahad-ahmad.html]
[www.hw.ac.uk/dubai/profiles/services/dubai/falak-kotwani.html]
[www.hw.ac.uk/dubai/profiles/services/dubai/farah-basem.html]
[www.hw.ac.uk/dubai/profiles/services/dubai/farai-makaza.html]
[www.hw.ac.uk/dubai/profiles/services/dubai/fatema-bellare.html]
[www.hw.ac.uk/dubai/profiles/services/dubai/gabriel-cabrera.html]
[www.hw.ac.uk/dubai/profiles/services/dubai/gary-fernandes.html]
[www.hw.ac.uk/dubai/img/Profiles/Benlot_rdax_174x260p.jpg]
[www.hw.ac.uk/dubai/profiles/services/dubai/grace-benlot.html]
[www.hw.ac.uk/dubai/profiles/services/dubai/graham-down.html]
[www.hw.ac.uk/dubai/profiles/services/dubai/hari-krishnan-mahendran.html]
[www.hw.ac.uk/dubai/profiles/services/dubai/hellen-manombe.html]
[www.hw.ac.uk/dubai/profiles/services/dubai/hira-fahim.html]
[www.hw.ac.uk/dubai/profiles/services/dubai/ibrahim-pathan.html]
[www.hw.ac.uk/dubai/profiles/services/dubai/indu-sajpal.html]
[www.hw.ac.uk/dubai/profiles/services/dubai/jamal-hassan.html]
[www.hw.ac.uk/dubai/img/james-wilson_rdax_208x260s.jpg]
[www.hw.ac.uk/dubai/profiles/services/dubai/james-wilson.html]
[www.hw.ac.uk/dubai/img/Profiles/Saavedra_rdax_208x260p.jpg]
[www.hw.ac.uk/dubai/profiles/services/dubai/jean-saavedra.html]
[www.hw.ac.uk/dubai/profiles/services/dubai/joseph-steffin.html]
[www.hw.ac.uk/dubai/profiles/services/dubai/kanwal-ahmed.html]
[www.hw.ac.uk/dubai/profiles/services/dubai/karen-conning.html]
[www.hw.ac.uk/dubai/profiles/services/dubai/kartik-menon.html]
[www.hw.ac.uk/dubai/img/Profiles/Taylor_rdax_208x260p.jpg]
[www.hw.ac.uk/dubai/profiles/services/dubai/kathryn-taylor.html]
[www.hw.ac.uk/dubai/profiles/services/dubai/ketan-shah.html]
[www.hw.ac.uk/dubai/profiles/services/dubai/khaja-nizamuddin-abdul.html]
[www.hw.ac.uk/dubai/profiles/services/dubai/kingsley-ibe-uche.html]
[www.hw.ac.uk/dubai/profiles/services/dubai/kurian-kuruvila.html]
[www.hw.ac.uk/dubai/profiles/services/dubai/lara-araji.html]
[www.hw.ac.uk/dubai/profiles/services/dubai/laura-meadows.html]
[www.hw.ac.uk/dubai/profiles/services/dubai/lorraine-nyamavuvu.html]
[www.hw.ac.uk/dubai/profiles/services/dubai/loveena-kaushal.html]
[www.hw.ac.uk/dubai/profiles/services/dubai/madiha-malhi.html]
[www.hw.ac.uk/dubai/profiles/services/dubai/manish-malkan.html]
[www.hw.ac.uk/dubai/profiles/services/dubai/manisha-sikka-gupta.html]
[www.hw.ac.uk/dubai/profiles/services/dubai/manoj-mathew.html]
[www.hw.ac.uk/dubai/img/Profiles/Flores_rdax_174x260p.jpg]
[www.hw.ac.uk/dubai/profiles/services/dubai/maria-elena-flores.html]
[www.hw.ac.uk/dubai/profiles/services/dubai/marina-ilic.html]
[www.hw.ac.uk/dubai/profiles/services/dubai/matthew-ericson.html]
[www.hw.ac.uk/dubai/img/Profiles/Sukumaran_rdax_208x260p.jpg]
[www.hw.ac.uk/dubai/profiles/services/dubai/matthew-sukumaran.html]
[www.hw.ac.uk/dubai/profiles/services/dubai/melita-d-sa.html]
[www.hw.ac.uk/dubai/profiles/services/dubai/michael-lawson.html]
[www.hw.ac.uk/dubai/profiles/services/dubai/mohamed-imran-jassim.html]
[www.hw.ac.uk/dubai/profiles/services/dubai/mohammed-abdulla.html]
[www.hw.ac.uk/dubai/profiles/services/dubai/mohammed-salah.html]
[www.hw.ac.uk/dubai/profiles/services/dubai/mohammed-shakir.html]
[www.hw.ac.uk/dubai/profiles/services/dubai/monika-toth.html]
[www.hw.ac.uk/dubai/profiles/services/dubai/nasreen-bijesh.html]
[www.hw.ac.uk/dubai/profiles/services/dubai/nataliia-vabishchevych.html]
[www.hw.ac.uk/dubai/profiles/services/dubai/neenu-kuruvilla.html]
[www.hw.ac.uk/dubai/img/Profiles/Mitchell_rdax_208x260p.jpg]
[www.hw.ac.uk/dubai/profiles/services/dubai/nicola-mitchell.html]
[www.hw.ac.uk/dubai/profiles/services/dubai/niral-shah.html]
[www.hw.ac.uk/dubai/profiles/services/dubai/nivin-abdelwahab.html]
[www.hw.ac.uk/dubai/profiles/services/dubai/nourhan-mahem.html]
[www.hw.ac.uk/dubai/profiles/services/dubai/nyasha-kadenhe.html]
[www.hw.ac.uk/dubai/profiles/services/dubai/olivia-ouma.html]
[www.hw.ac.uk/dubai/profiles/services/dubai/priyadharshini-viswanathan.html]
[www.hw.ac.uk/dubai/img/HeatherMcGregor7_rdax_260x260s.jpg]
[www.hw.ac.uk/dubai/profiles/services/dubai/professor-heather-j-mcgregor.html]
[www.hw.ac.uk/dubai/img/Profiles/Rath_rdax_208x260p.jpg]
[www.hw.ac.uk/dubai/profiles/services/dubai/ramakanta-rath.html]
[www.hw.ac.uk/dubai/profiles/services/dubai/rashad-mohammed.html]
[www.hw.ac.uk/dubai/profiles/services/dubai/raul-gabaig.html]
[www.hw.ac.uk/dubai/profiles/services/dubai/rommel-pavo-bueno.html]
[www.hw.ac.uk/dubai/profiles/services/dubai/roselyne-okuoga.html]
[www.hw.ac.uk/dubai/img/Profiles/Torres_rdax_174x260p.jpg]
[www.hw.ac.uk/dubai/profiles/services/dubai/ryan-torres.html]
[www.hw.ac.uk/dubai/profiles/services/dubai/safar-nassar.html]
[www.hw.ac.uk/dubai/img/Profiles/Kane_rdax_208x260p.jpg]
[www.hw.ac.uk/dubai/profiles/services/dubai/samantha-kane.html]
[www.hw.ac.uk/dubai/profiles/services/dubai/sanaa-aga.html]
[www.hw.ac.uk/dubai/profiles/services/dubai/sarah-imtiaz.html]
[www.hw.ac.uk/dubai/profiles/services/dubai/sarah-jerry.html]
[www.hw.ac.uk/dubai/profiles/services/dubai/saranya-rustagi.html]
[www.hw.ac.uk/dubai/profiles/services/dubai/shailin-sequeira.html]
[www.hw.ac.uk/dubai/profiles/services/dubai/shamiksha-shetty.html]
[www.hw.ac.uk/dubai/profiles/services/dubai/shirin-el-chami.html]
[www.hw.ac.uk/dubai/profiles/services/dubai/sinto-placid.html]
[www.hw.ac.uk/dubai/profiles/services/dubai/snita-anil.html]
[www.hw.ac.uk/dubai/profiles/services/dubai/subin-t.html]
[www.hw.ac.uk/dubai/profiles/services/dubai/sudha-sripada.html]
[www.hw.ac.uk/dubai/profiles/services/dubai/syed-hussain-ahmed.html]
[www.hw.ac.uk/dubai/profiles/services/dubai/syed-uzair.html]
[www.hw.ac.uk/dubai/profiles/services/dubai/thirumurugan-dhanabal.html]
[www.hw.ac.uk/dubai/profiles/services/dubai/tolulope-oyewusi.html]
[www.hw.ac.uk/dubai/profiles/services/dubai/vibhuti-thanki.html]
[www.hw.ac.uk/dubai/profiles/services/dubai/vidya-vijayakumar.html]
[www.hw.ac.uk/dubai/profiles/services/dubai/zaid-attallah.html]
[www.hw.ac.uk/dubai/about/professional-services.html]
[www.hw.ac.uk/dubai/profiles/services/dubai/zyad-abdul-shukoor.html]
[www.hw.ac.uk/dubai/about/recruit-our-students.html]
[www.hw.ac.uk/dubai/img/industrypartnerships.jpg]
[www.hw.ac.uk/dubai/about/industry-partnerships.html]
[www.hw.ac.uk/dubai/img/Profiles/Sukumaran.jpg]
[www.hw.ac.uk/dubai/about/our-leadership.html]
[www.hw.ac.uk/dubai/about/our-teams.html]
[www.hw.ac.uk/dubai/img/banners/keyboard-desktop-closeup-1600x480.jpg]
[www.hw.ac.uk/dubai/img/EnergyEngineerforaday_rdax_480x320s.jpg]
[www.hw.ac.uk/dubai/img/careers-mentoring-600x300_rdax_480x240s.jpg]
[www.hw.ac.uk/dubai/img/banners/keyboard-desktop-closeup-1600x480_rdax_720x216_80p.jpg]
[www.hw.ac.uk/dubai/news.html]
[www.hw.ac.uk/dubai/news/element.href]
[www.hw.ac.uk/dubai/news/media-enquiries.html]
[www.hw.ac.uk/dubai/events/artificial-neural-networks-in-pattern.html]
[www.hw.ac.uk/dubai/img/ANNPR.png]
[www.hw.ac.uk/dubai/events/open-day.html]
[www.hw.ac.uk/dubai/img/OpenDay2022.png]
[www.hw.ac.uk/dubai/events/the-big-5-international-building-and.html]
[www.hw.ac.uk/dubai/img/CESCeventimage.jpg]
[www.hw.ac.uk/dubai/news/events.html]
[www.hw.ac.uk/dubai/element.html]
[www.hw.ac.uk/includes/dist/images/undergrad-search.html]
[www.hw.ac.uk/includes/dist/images/undergrad-apply.html]
[www.hw.ac.uk/includes/dist/images/undergrad/open-days.html]
[www.hw.ac.uk/includes/dist/images/undergrad/accommodation.html]
[www.hw.ac.uk/includes/dist/images/undergrad/international-students.html]
[www.hw.ac.uk/includes/dist/images/undergrad/campus-tours.html]
[www.hw.ac.uk/includes/dist/images/undergrad-scholarships.html]
[www.hw.ac.uk/includes/dist/images/undergrad-support-bg.html]
[www.hw.ac.uk/heriot-watt-v2/includes/images/WATT-MATTERS/side-logo.html]
[www.hw.ac.uk/heriot-watt-v2/includes/images/WATT-MATTERS/logo.html]
[www.hw.ac.uk/dubai/study/element.html]
[www.hw.ac.uk/dubai/study/GET.html]
[www.hw.ac.uk/dubai/img/Aimee.jpg]
[www.hw.ac.uk/dubai/study/why/dep/element.href]
[www.hw.ac.uk/dubai/study/why/dep/aimee-m-lemma.html]
[www.hw.ac.uk/dubai/img/FarahAbdulrahman.jpg]
[www.hw.ac.uk/dubai/study/why/dep/farah-labib.html]
[www.hw.ac.uk/dubai/img/MuhammadSajidDEP.jpg]
[www.hw.ac.uk/dubai/study/why/dep/muhammad-sajid.html]
[www.hw.ac.uk/dubai/study/why/element.html]
[www.hw.ac.uk/dubai/study/degree-entry/engineering.html]
[www.hw.ac.uk/dubai/img/Radhika.jpg]
[www.hw.ac.uk/dubai/study/why/ug/element.href]
[www.hw.ac.uk/dubai/study/why/ug/radhika-kumar.html]
[www.hw.ac.uk/dubai/img/Student/ug/Samima.jpg]
[www.hw.ac.uk/dubai/study/why/ug/samima-saqib.html]
[www.hw.ac.uk/dubai/img/PoojaGanatra.jpg]
[www.hw.ac.uk/dubai/study/why/ug/pooja-ganatra.html]
[www.hw.ac.uk/dubai/img/AdityaKrishnanIBM.jpg]
[www.hw.ac.uk/dubai/study/why/ug/aditya-krishnan.html]
[www.hw.ac.uk/dubai/study/undergraduate/international-business-management.html]
[www.hw.ac.uk/dubai/img/Student/ug/dubai-sarita-bhattarai.jpg]
[www.hw.ac.uk/dubai/study/why/ug/sarita-bhattarai.html]
[www.hw.ac.uk/dubai/img/Student/ug/dubai-nadia-abdullah-othmani.jpg]
[www.hw.ac.uk/dubai/study/why/ug/nadia-abdullah-othmani.html]
[www.hw.ac.uk/dubai/img/AhadButt.png]
[www.hw.ac.uk/dubai/study/why/ug/ahad-butt.html]
[www.hw.ac.uk/dubai/img/InasKameledit.jpg]
[www.hw.ac.uk/dubai/study/why/ug/inas-kamel.html]
[www.hw.ac.uk/dubai/study/why/ug/mohammad-zubayr-bhatti.html]
[www.hw.ac.uk/dubai/img/balraj-singh.jpg]
[www.hw.ac.uk/dubai/study/why/ug/balraj-singh-bains.html]
[www.hw.ac.uk/dubai/img/Student/ug/dubai-amjed-al-mouaqet.jpg]
[www.hw.ac.uk/dubai/study/why/ug/amjed-al-mouaqet.html]
[www.hw.ac.uk/dubai/img/Student/ug/Saya.jpg]
[www.hw.ac.uk/dubai/study/why/ug/zhansaya-kussainova.html]
[www.hw.ac.uk/dubai/img/Student/ug/dubai-farah-mahmood.jpg]
[www.hw.ac.uk/dubai/study/why/ug/farah-mahmood-moosa-al-zadjali.html]
[www.hw.ac.uk/dubai/img/Student/ug/Attiya.jpg]
[www.hw.ac.uk/dubai/study/why/ug/attiya-laher.html]
[www.hw.ac.uk/dubai/img/Student/ug/Melika.jpg]
[www.hw.ac.uk/dubai/study/why/ug/melika-ardestani.html]
[www.hw.ac.uk/dubai/img/Student/ug/Salma.jpg]
[www.hw.ac.uk/dubai/study/why/ug/salma-mehjabeen.html]
[www.hw.ac.uk/dubai/img/Student/ug/vrinda.jpg]
[www.hw.ac.uk/dubai/study/why/ug/vrinda-suru.html]
[www.hw.ac.uk/dubai/img/AhmedFardanHeriotWattDubai.jpg]
[www.hw.ac.uk/dubai/study/why/ug/ahmed-fardan.html]
[www.hw.ac.uk/dubai/study/undergraduate/mechanical-engineering.html]
[www.hw.ac.uk/dubai/study/why/ug/amal-hindash.html]
[www.hw.ac.uk/dubai/study/undergraduate/psychology-with-management.html]
[www.hw.ac.uk/dubai/img/KhuranaMaitriHeriotWatt.jpg]
[www.hw.ac.uk/dubai/study/why/ug/khurana-maitri.html]
[www.hw.ac.uk/dubai/img/Student/ug/lakshmi-chandrasekaran.jpg]
[www.hw.ac.uk/dubai/study/why/ug/lakshmi-chandrasekaran.html]
[www.hw.ac.uk/dubai/img/Student/ug/shravanti.jpg]
[www.hw.ac.uk/dubai/study/why/ug/shravanti-shankar.html]
[www.hw.ac.uk/dubai/study/why/ug/yovella-murzello.html]
[www.hw.ac.uk/dubai/study/undergraduate/psychology.html]
[www.hw.ac.uk/dubai/img/Student/pg/dubai-ishu-miglani.jpg]
[www.hw.ac.uk/dubai/study/why/pg/element.href]
[www.hw.ac.uk/dubai/study/why/pg/ishu-miglani.html]
[www.hw.ac.uk/dubai/img/Student/pg/thripithi.png]
[www.hw.ac.uk/dubai/study/why/pg/thripthi-gee-raj.html]
[www.hw.ac.uk/dubai/img/Student/pg/dubai-rasha-abdulmunam.jpg]
[www.hw.ac.uk/dubai/study/why/pg/rasha-tareq-abdulmunam.html]
[www.hw.ac.uk/dubai/img/Student/pg/dubai-shaheena-althaf.jpg]
[www.hw.ac.uk/dubai/study/why/pg/shaheena-althaf.html]
[www.hw.ac.uk/dubai/img/Sanjna Elizabeth Sanjay-edit.jpg]
[www.hw.ac.uk/dubai/study/why/pg/sanjna-elizabeth-sanjay.html]
[www.hw.ac.uk/dubai/img/Student/pg/dubai-bashar-kayali.jpg]
[www.hw.ac.uk/dubai/study/why/pg/bashar-kayali.html]
[www.hw.ac.uk/dubai/img/SuzannaThankamJacobDEP.jpg]
[www.hw.ac.uk/dubai/study/why/pg/suzanna-thankam-jacob.html]
[www.hw.ac.uk/dubai/study/postgraduate/design-management.html]
[www.hw.ac.uk/dubai/img/mohammad-almomani.jpg]
[www.hw.ac.uk/dubai/study/why/pg/mohammad-fawaz-almomani.html]
[www.hw.ac.uk/dubai/img/Rahul.jpg]
[www.hw.ac.uk/dubai/study/why/pg/rahul-bhatia.html]
[www.hw.ac.uk/dubai/img/Student/pg/dubai-khalifa-elhami.jpg]
[www.hw.ac.uk/dubai/study/why/pg/khalifa-elhami.html]
[www.hw.ac.uk/dubai/img/Student/pg/MVuvic.jpg]
[www.hw.ac.uk/dubai/study/why/pg/m-vucic.html]
[www.hw.ac.uk/dubai/img/Student/pg/Farheen.jpg]
[www.hw.ac.uk/dubai/study/why/pg/farheen-jeelani.html]
[www.hw.ac.uk/dubai/img/Student/pg/PTaylorEdited.jpg]
[www.hw.ac.uk/dubai/study/why/pg/p-taylor.html]
[www.hw.ac.uk/dubai/study/why/pg/khaldoun-aboutaleb.html]
[www.hw.ac.uk/dubai/study/why/pg/grace-asemota.html]
[www.hw.ac.uk/dubai/study/why/pg/julia-dietz.html]
[www.hw.ac.uk/dubai/study/fees/element.html]
[www.hw.ac.uk/dubai/img/Subgateway_Dubai.jpg]
[www.hw.ac.uk/dubai/img/Subgateway_Dubai_rdax_600x225_75p.jpg]
[www.hw.ac.uk/dubai/img/logo-engineering-council.png]
[www.hw.ac.uk/dubai/img/canva-photo-editor.jpg]
[www.hw.ac.uk/dubai/study/postgraduate/element.href]
[www.hw.ac.uk/dubai/study/postgraduate/civil-engineering-construction-management.html]
[www.hw.ac.uk/dubai/img/AhadButt.jpg]
[www.hw.ac.uk/dubai/study/undergraduate/element.href]
[www.hw.ac.uk/dubai/study/undergraduate/civil-engineering.html]
[www.hw.ac.uk/dubai/study/apply/element.html]
[www.hw.ac.uk/dubai/campus/element.html]
[www.hw.ac.uk/dubai/visit/element.html]
[www.hw.ac.uk/campaigns/dubai/img/dubai/connectedcity_rdax_1536x640p.jpg]
[www.hw.ac.uk/campaigns/dubai/img/dubai/akgc-logo-640x360_rdax_480x270.png]
[www.hw.ac.uk/campaigns/dubai/img/dubai/hill-international-logo-640x360_rdax_480x270.png]
[www.hw.ac.uk/includes/dist/css/main-progs-v4.css]
[www.hw.ac.uk/campaigns/dubai/img/dubai/AlNisrContracting-logo-640x360_rdax_480x270.png]
[www.hw.ac.uk/campaigns/dubai/img/dubai/China-State-Construction-Engineering-Log.png]
[www.hw.ac.uk/campaigns/dubai/img/dubai/BIMERTYU.jpg]
[www.hw.ac.uk/campaigns/dubai/img/dubai/asgc-logo-600x300_rdax_480x240.png]
[www.hw.ac.uk/campaigns/dubai/img/dubai/masterbuilders_rdax_480x240.png]
[www.hw.ac.uk/campaigns/dubai/img/dubai/jacobs-logo-600x300_rdax_480x240.png]
[www.hw.ac.uk/dubai/study/apply/admission-guidelines.htm]
[www.hw.ac.uk/dubai/study/apply/2-2-undergraduate-programme.htm]
[www.hw.ac.uk/dubai/about/staff.htm]
[www.hw.ac.uk/dubai/profiles/egis.htm]
[www.hw.ac.uk/dubai/profiles/eps.htm]
[www.hw.ac.uk/dubai/profiles/foundation.htm]
[www.hw.ac.uk/dubai/profiles/macs.htm]
[www.hw.ac.uk/dubai/profiles/professional-services.htm]
[www.hw.ac.uk/dubai/profiles/soss.htm]
[www.hw.ac.uk/campaigns/dubai/img/dubai/connectedcity_rdax_720x300_80p.jpg]
[www.hw.ac.uk/campaigns/dubai/img/dubai/womaninhelmet.jpg]
[www.hw.ac.uk/campaigns/dubai/img/dubai/BIM.jpg]
[www.hw.ac.uk/campaigns/dubai/img/dubai/VRmanwithglobe_rdax_960x714p.jpg]
[www.hw.ac.uk/campaigns/dubai/img/dubai/museumofthefuture.jpg]
[www.hw.ac.uk/campaigns/dubai/img/dubai/constructionworker.jpg]
[www.hw.ac.uk/campaigns/dubai/img/dubai/energy.jpg]
[www.hw.ac.uk/campaigns/dubai/img/dubai/connectedcity2.jpg]
[www.hw.ac.uk/campaigns/dubai/img/dubai/AI.jpg]
[www.hw.ac.uk/campaigns/dubai/img/dubai/TestimonialEngD_rdax_480x236p.jpg]
[www.hw.ac.uk/campaigns/dubai/img/dubai/OrwaAlward_rdax_480x236p.jpg]
[www.hw.ac.uk/dist/assets/js/jquery-3.6.0.min.js]
[www.hw.ac.uk/includes/dist/js/main-modern-20220405.min.js]
[www.hw.ac.uk/dist/assets/js/typeahead.bundle.min.js.pagespeed.jm.Yg2KiJIsk8.js]
[www.hw.ac.uk/dist/assets/js/handlebars.min-v4.7.7.js.pagespeed.jm.kRR3eq_eHR.js]
[www.hw.ac.uk/dist/assets/js/funnelback.autocompletion-2.6.0.js.pagespeed.jm.wHR1PLJC-_.js]
[www.hw.ac.uk/dubai/engd-construction.html]
[www.hw.ac.uk/dubai/img/CESCbulletin-Oct3.jpg]
[www.hw.ac.uk/dubai/doc/CESCBulletinAugust2020.pdf]
[www.hw.ac.uk/dubai/doc/CIBTG96ICSBE2021ConferenceProgramme.pdf]
[www.hw.ac.uk/dubai/doc/CIBTG96ICSBE2021KeynoteSpeakers.pdf]
[www.hw.ac.uk/dubai/doc/CIBTG96ICSBE2021AbstractProceedings.pdf]
[www.hw.ac.uk/dubai/img/CESCproductivityandperformance1200_rdax_800x450s.jpg]
[www.hw.ac.uk/dubai/img/CESCsustainability1200_rdax_800x450s.jpg]
[www.hw.ac.uk/dubai/img/CESCwellbeing1200_rdax_800x450s.jpg]
[www.hw.ac.uk/dubai/research/cesc/recent-publications.html]
[www.hw.ac.uk/dubai/img/Aldarlogo.png]
[www.hw.ac.uk/dubai/research/cesc/aldar.html]
[www.hw.ac.uk/dubai/img/alec-logo-600x300_rdax_480x240.png]
[www.hw.ac.uk/dubai/research/cesc/alec.html]
[www.hw.ac.uk/dubai/img/ASGC.png]
[www.hw.ac.uk/dubai/research/cesc/asgc.html]
[www.hw.ac.uk/dubai/img/jacobs-engineering-group-logo360.jpg]
[www.hw.ac.uk/dubai/research/cesc/jacobs.html]
[www.hw.ac.uk/dubai/img/JLLlogo.jpg]
[www.hw.ac.uk/dubai/research/cesc/jll.html]
[www.hw.ac.uk/dubai/img/MottMacDonald.jpg]
[www.hw.ac.uk/dubai/research/cesc/mott-macdonald.html]
[www.hw.ac.uk/dubai/img/Polypipe240px.jpg]
[www.hw.ac.uk/dubai/research/cesc/polypipe.html]
[www.hw.ac.uk/dubai/research/element.html]
[www.hw.ac.uk/dubai/research/cesc/partners.html]
[www.hw.ac.uk/dubai/research/cesc/become-member.html]
[www.hw.ac.uk/dubai/research/cesc/element.html]
[www.hw.ac.uk/dubai/research/cesc/about/our-affiliates.html]
[www.hw.ac.uk/dubai/img/FundedResearchProjects1200.jpg]
[www.hw.ac.uk/dubai/doc/Performance based testing and assessment.pdf]
[www.hw.ac.uk/dubai/doc/Analysis of Reinforced Concrete Structur.pdf]
[www.hw.ac.uk/dubai/doc/Increasing Clean Energy Generation using.pdf]
[www.hw.ac.uk/dubai/doc/Using recycled materials in creating a h.pdf]
[www.hw.ac.uk/dubai/doc/Full-Scale Laboratory Testing of Slab Tr.pdf]
[www.hw.ac.uk/dubai/doc/An Eco-Systemic Approach to Designing a .pdf]
[www.hw.ac.uk/dubai/research/cesc/funded-projects.html]
[www.hw.ac.uk/dubai/img/CESCPhD1200.jpg]
[www.hw.ac.uk/dubai/doc/Ahmed Algoburi-Research summary.pdf]
[www.hw.ac.uk/dubai/doc/Alaa Habrah-Research summary.pdf]
[www.hw.ac.uk/dubai/doc/Amin Howeedy-Research summary.pdf]
[www.hw.ac.uk/dubai/doc/Anjali Ramachandran summary.pdf]
[www.hw.ac.uk/dubai/doc/Dima Alkawadri-Research summary.pdf]
[www.hw.ac.uk/dubai/doc/Heveine Baban -Research summary.pdf]
[www.hw.ac.uk/dubai/doc/Khalid Almheiri-Research summary-.pdf]
[www.hw.ac.uk/dubai/doc/Maged El-Hawary-Research summary.pdf]
[www.hw.ac.uk/dubai/doc/Malini Deepak-Research summary.pdf]
[www.hw.ac.uk/dubai/doc/Noureddin Omar-Research summary.pdf]
[www.hw.ac.uk/dubai/doc/Samiya Al-Mabsali-Research summary.pdf]
[www.hw.ac.uk/dubai/doc/Shahid Tanvir-Research summary.pdf]
[www.hw.ac.uk/dubai/doc/Syed Rizvi-Research summary.pdf]
[www.hw.ac.uk/dubai/doc/Tugba Cangel Ergin-Research Summary.pdf]
[www.hw.ac.uk/dubai/research/cesc/phd-abstracts.html]
[www.hw.ac.uk/dubai/img/olisanwendu-ogwuda.jpg]
[www.hw.ac.uk/dubai/research/cesc/olisanwendu-ogwuda.html]
[www.hw.ac.uk/dubai/img/ammar-kaka-v2.jpg]
[www.hw.ac.uk/dubai/research/cesc/ammar-kaka.html]
[www.hw.ac.uk/dubai/img/anas-bataw.jpg]
[www.hw.ac.uk/dubai/research/cesc/dr-anas-bataw.html]
[www.hw.ac.uk/dubai/research/cesc/he-dr-abdullah-bin-mohammed-belhaif-al.html]
[www.hw.ac.uk/dubai/img/HEDrAbdullahbinMohammed.jpg]
[www.hw.ac.uk/dubai/research/cesc/professor-ammar-kaka.html]
[www.hw.ac.uk/dubai/img/AmarKaka.jpg]
[www.hw.ac.uk/dubai/img/AnasBataw.jpg]
[www.hw.ac.uk/dubai/research/cesc/dr-ghanim-kashwani.html]
[www.hw.ac.uk/dubai/img/GhanimKashwani.jpg]
[www.hw.ac.uk/dubai/research/cesc/hend-al-marri.html]
[www.hw.ac.uk/dubai/img/Hend.jpg]
[www.hw.ac.uk/dubai/research/cesc/jim-parker.html]
[www.hw.ac.uk/dubai/img/JimParker.jpg]
[www.hw.ac.uk/dubai/research/cesc/john-hammond.html]
[www.hw.ac.uk/dubai/img/JohHammond.jpg]
[www.hw.ac.uk/dubai/research/cesc/dr-jumah-rashid-al-mazrouie.html]
[www.hw.ac.uk/dubai/img/JumahRashidAlMazrouie.jpg]
[www.hw.ac.uk/dubai/research/cesc/maged-el-hawary.html]
[www.hw.ac.uk/dubai/img/MageElHawary.jpg]
[www.hw.ac.uk/dubai/research/cesc/dr-olisanwendu-ogwuda.html]
[www.hw.ac.uk/dubai/img/OlisanwenduOgwuda.jpg]
[www.hw.ac.uk/dubai/research/cesc/richard-thompson.html]
[www.hw.ac.uk/dubai/img/RichardThompson.jpg]
[www.hw.ac.uk/dubai/research/cesc/dr-sabih-g-khisaf.html]
[www.hw.ac.uk/dubai/img/SabihGKhisaf.jpg]
[www.hw.ac.uk/dubai/research/cesc/tala-al-ansari.html]
[www.hw.ac.uk/dubai/img/TalaHeadshotyellow.jpg]
[www.hw.ac.uk/dubai/research/cesc/waddah-s-ghanem.html]
[www.hw.ac.uk/dubai/img/WaddahGhanem.jpg]
[www.hw.ac.uk/dubai/research/cesc/non-executive-board.html]
[www.hw.ac.uk/dubai/img/linsey-thomson.jpg]
[www.hw.ac.uk/dubai/profiles/teaching/element.href]
[www.hw.ac.uk/dubai/profiles/teaching/linsey-dolan-thomson.html]
[www.hw.ac.uk/dubai/img/Profiles/Smith.jpg]
[www.hw.ac.uk/dubai/profiles/teaching/matthew-smith.html]
[www.hw.ac.uk/dubai/events/sustainability-in-construction-hackathon.html]
[www.hw.ac.uk/dubai/about/element.html]
[www.hw.ac.uk/dubai/profiles/teaching/heather-garner.html]
[www.hw.ac.uk/dubai/img/Profiles/Diarmuid_rdax_208x260p.jpg]
[www.hw.ac.uk/dubai/profiles/teaching/diarmuid-carr.html]
[www.hw.ac.uk/dubai/img/Profiles/Madhu_rdax_208x260p.jpg]
[www.hw.ac.uk/dubai/profiles/teaching/madhu-chetwani.html]
[www.hw.ac.uk/dubai/img/Profiles/Ashik_rdax_208x260p.jpg]
[www.hw.ac.uk/dubai/profiles/teaching/ashik-kiron.html]
[www.hw.ac.uk/dubai/img/Profiles/Sharma_rdax_208x260p.jpg]
[www.hw.ac.uk/dubai/profiles/teaching/devanshi-sharma.html]
[www.hw.ac.uk/dubai/img/Profiles/Shouly_rdax_174x260p.jpg]
[www.hw.ac.uk/dubai/profiles/teaching/nadar-salem-shouly.html]
[www.hw.ac.uk/dubai/img/Profiles/Rajinder_rdax_208x260p.jpg]
[www.hw.ac.uk/dubai/profiles/teaching/raj-sharma.html]
[www.hw.ac.uk/dubai/img/Profiles/Lojzer_rdax_208x260p.jpg]
[www.hw.ac.uk/dubai/profiles/teaching/teresa-ellen-lojzer.html]
[www.hw.ac.uk/dubai/about/schools/dep/element.href]
[www.hw.ac.uk/dubai/about/schools/dep/staff.html]
[www.hw.ac.uk/dubai/study/undergraduate/bachelor-business-administration.html]
[www.hw.ac.uk/dubai/study/undergraduate/marketing.html]
[www.hw.ac.uk/dubai/study/undergraduate/business-and-finance.html]
[www.hw.ac.uk/dubai/study/undergraduate/accountancy-finance.html]
[www.hw.ac.uk/dubai/study/undergraduate/computer-systems.html]
[www.hw.ac.uk/dubai/study/undergraduate/real-estate-management-and-finance.html]
[www.hw.ac.uk/dubai/study/degree-entry/element.href]
[www.hw.ac.uk/dubai/study/degree-entry/dep-management-psychology.html]
[www.hw.ac.uk/dubai/about/schools/element.html]
[www.hw.ac.uk/dubai/img/Profiles/Bata_rdax_208x260p.jpg]
[www.hw.ac.uk/dubai/profiles/teaching/alida-bata.html]
[www.hw.ac.uk/dubai/profiles/teaching/anas-bataw.html]
[www.hw.ac.uk/dubai/profiles/teaching/hagir-hakim.html]
[www.hw.ac.uk/dubai/img/Profiles/Seth_rdax_208x260p.jpg]
[www.hw.ac.uk/dubai/profiles/teaching/harpreet-seth.html]
[www.hw.ac.uk/dubai/profiles/teaching/hassam-chaudhry.html]
[www.hw.ac.uk/dubai/profiles/teaching/ismail-labed.html]
[www.hw.ac.uk/dubai/profiles/teaching/jun-han.html]
[www.hw.ac.uk/dubai/profiles/teaching/karima-hamani.html]
[www.hw.ac.uk/dubai/img/linsey-thomson_rdax_208x260s.jpg]
[www.hw.ac.uk/dubai/img/matthew-mycock_rdax_208x260s.jpg]
[www.hw.ac.uk/dubai/profiles/teaching/matthew-mycock.html]
[www.hw.ac.uk/dubai/profiles/teaching/matthew-myers.html]
[www.hw.ac.uk/dubai/img/Profiles/Smith_rdax_208x260p.jpg]
[www.hw.ac.uk/dubai/img/MichaelWaters_rdax_260x229s.jpg]
[www.hw.ac.uk/dubai/profiles/teaching/michael-waters.html]
[www.hw.ac.uk/dubai/img/Profiles/Nazeer_rdax_208x260p.jpg]
[www.hw.ac.uk/dubai/profiles/teaching/mudassar-nazeer.html]
[www.hw.ac.uk/dubai/img/DrMustafaBatikha_rdax_260x229s.jpg]
[www.hw.ac.uk/dubai/profiles/teaching/mustafa-bathika.html]
[www.hw.ac.uk/dubai/profiles/teaching/noor-zainab-habib.html]
[www.hw.ac.uk/dubai/profiles/teaching/olisanwendu-ogwuda.html]
[www.hw.ac.uk/dubai/img/Profiles/Hafiz_rdax_208x260p.jpg]
[www.hw.ac.uk/dubai/profiles/teaching/pouria-hafiz.html]
[www.hw.ac.uk/dubai/profiles/teaching/rabee-rustum.html]
[www.hw.ac.uk/dubai/img/ShameelMuhammedProfilePic_rdax_260x260s.jpg]
[www.hw.ac.uk/dubai/profiles/teaching/shameel-mohammed.html]
[www.hw.ac.uk/dubai/profiles/teaching/taha-elhag.html]
[www.hw.ac.uk/dubai/profiles/teaching/yasemin-neilsen.html]
[www.hw.ac.uk/dubai/about/schools/egis/element.href]
[www.hw.ac.uk/dubai/about/schools/egis/staff.html]
[www.hw.ac.uk/dubai/img/DrFadiGhaith_rdax_174x260s.jpg]
[www.hw.ac.uk/dubai/profiles/teaching/dr-fadi-ghaith.html]
[www.hw.ac.uk/dubai/profiles/teaching/manjula-nair.html]
[www.hw.ac.uk/dubai/img/Profiles/Nazarinia_rdax_208x260p.jpg]
[www.hw.ac.uk/dubai/profiles/teaching/mehdi-nazarinia.html]
[www.hw.ac.uk/dubai/img/Profiles/Woldestensay_rdax_174x260p.jpg]
[www.hw.ac.uk/dubai/profiles/teaching/mesfin-woldetensay.html]
[www.hw.ac.uk/dubai/img/Profiles/Al-Musleh_rdax_208x260p.jpg]
[www.hw.ac.uk/dubai/profiles/teaching/mohamed-al-musleh.html]
[www.hw.ac.uk/dubai/profiles/teaching/mohammed-febin.html]
[www.hw.ac.uk/dubai/img/Profiles/Abdallah_rdax_174x260p.jpg]
[www.hw.ac.uk/dubai/profiles/teaching/mounif-abdallah.html]
[www.hw.ac.uk/dubai/img/Profiles/Muhsin_rdax_169x260p.jpg]
[www.hw.ac.uk/dubai/profiles/teaching/muhsin-aykapadathu.html]
[www.hw.ac.uk/dubai/img/Profiles/Nour_rdax_208x260p.jpg]
[www.hw.ac.uk/dubai/profiles/teaching/mutasim-nour.html]
[www.hw.ac.uk/dubai/img/Profiles/AlLagtah_rdax_208x260p.jpg]
[www.hw.ac.uk/dubai/profiles/teaching/nasir-mohammed-amro-al-lagtah.html]
[www.hw.ac.uk/dubai/profiles/teaching/olga-potapova-crighton.html]
[www.hw.ac.uk/dubai/img/Profiles/Soori_rdax_208x260p.jpg]
[www.hw.ac.uk/dubai/profiles/teaching/prasanth-k-soori.html]
[www.hw.ac.uk/dubai/img/Profiles/Lim_rdax_208x260p.jpg]
[www.hw.ac.uk/dubai/profiles/teaching/rebecca-lim.html]
[www.hw.ac.uk/dubai/profiles/teaching/rehan-ahmed.html]
[www.hw.ac.uk/dubai/img/Profiles/Sharqi_rdax_208x260p.jpg]
[www.hw.ac.uk/dubai/profiles/teaching/rula-sharqi.html]
[www.hw.ac.uk/dubai/img/Profiles/Muthukumaraswamy_rdax_208x260p.jpg]
[www.hw.ac.uk/dubai/profiles/teaching/senthil-a-muthukumaraswamy.html]
[www.hw.ac.uk/dubai/profiles/teaching/chacko-sibi.html]
[www.hw.ac.uk/dubai/img/tadhg-o-donovan_rdax_208x260s.jpg]
[www.hw.ac.uk/dubai/profiles/teaching/tadgh-o-donovan.html]
[www.hw.ac.uk/dubai/img/Profiles/Razaviarani_rdax_208x260p.jpg]
[www.hw.ac.uk/dubai/profiles/teaching/vahid-razaviarani.html]
[www.hw.ac.uk/dubai/about/schools/eps/element.href]
[www.hw.ac.uk/dubai/about/schools/eps/staff.html]
[www.hw.ac.uk/dubai/img/DrAdrianTurcanu_rdax_240x260s.jpg]
[www.hw.ac.uk/dubai/profiles/teaching/adrian-turcanu.html]
[www.hw.ac.uk/dubai/profiles/teaching/ryad-ahmad-soobhany.html]
[www.hw.ac.uk/dubai/profiles/teaching/cristina-nicoleta-turcanu.html]
[www.hw.ac.uk/dubai/profiles/teaching/abrar-ullah.html]
[www.hw.ac.uk/dubai/img/EricAidoo_rdax_225x260s.jpg]
[www.hw.ac.uk/dubai/profiles/teaching/dr-eric-nimako-aidoo.html]
[www.hw.ac.uk/dubai/profiles/teaching/hadj-batatia.html]
[www.hw.ac.uk/dubai/img/profiles/HaniRaghab_rdax_260x260s.jpg]
[www.hw.ac.uk/dubai/profiles/teaching/hani-ragab-hassen.html]
[www.hw.ac.uk/dubai/profiles/teaching/haslifah-hasim.html]
[www.hw.ac.uk/dubai/img/HindZantout2022_rdax_260x260s.jpg]
[www.hw.ac.uk/dubai/profiles/teaching/hind-zantout.html]
[www.hw.ac.uk/dubai/profiles/teaching/kayvan-alireza-karim.html]
[www.hw.ac.uk/dubai/profiles/teaching/md-azher-uddin.html]
[www.hw.ac.uk/dubai/profiles/teaching/nasreddine-megrez.html]
[www.hw.ac.uk/dubai/img/profiles/neamat-elgayar-480x480_rdax_260x260p.jpg]
[www.hw.ac.uk/dubai/profiles/teaching/neamat-elgayar.html]
[www.hw.ac.uk/dubai/img/profiles/SmithaKumar_rdax_260x260s.jpg]
[www.hw.ac.uk/dubai/img/Stephengilledited_rdax_248x260s.jpg]
[www.hw.ac.uk/dubai/profiles/teaching/smitha-kumar.html]
[www.hw.ac.uk/dubai/profiles/teaching/stephen-sidney-gill.html]
[www.hw.ac.uk/dubai/img/profiles/MrTalal_rdax_234x260s.jpg]
[www.hw.ac.uk/dubai/profiles/teaching/talal-shaikh.html]
[www.hw.ac.uk/dubai/about/schools/macs/element.href]
[www.hw.ac.uk/dubai/about/schools/macs/staff.html]
[www.hw.ac.uk/dubai/doc/EBSIncubatorApplicationFormDubaiintake20.doc]
[www.hw.ac.uk/dubai/about/schools/ebs/element.href]
[www.hw.ac.uk/dubai/about/schools/ebs/edinburgh-business-school-incubator.html]
[www.hw.ac.uk/dubai/about/schools/ebs/andrea-lane.html]
[www.hw.ac.uk/dubai/img/AylinAU_rdax_221x260s.jpg]
[www.hw.ac.uk/dubai/about/schools/ebs/aylin-akcura-ulas.html]
[www.hw.ac.uk/dubai/img/Profiles/Cagnew.jpg]
[www.hw.ac.uk/dubai/about/schools/ebs/cakil-agnew.html]
[www.hw.ac.uk/dubai/img/Claude_rdax_239x260s.jpg]
[www.hw.ac.uk/dubai/about/schools/ebs/claude-c-h-liu.html]
[www.hw.ac.uk/dubai/about/schools/ebs/dr-hajar-aman-key-yekani.html]
[www.hw.ac.uk/dubai/img/DrJelena_rdax_260x251s.jpg]
[www.hw.ac.uk/dubai/about/schools/ebs/dr-jelena-janjusevic.html]
[www.hw.ac.uk/dubai/img/Profiles/Glasgow_rdax_208x260p.jpg]
[www.hw.ac.uk/dubai/about/schools/ebs/steven-glasgow.html]
[www.hw.ac.uk/dubai/img/Naisa_rdax_196x260s.jpg]
[www.hw.ac.uk/dubai/about/schools/ebs/dr-nasiha-osmanovic.html]
[www.hw.ac.uk/dubai/img/Profiles/Ndweni_rdax_208x260p.jpg]
[www.hw.ac.uk/dubai/about/schools/ebs/esinath-ndiweni.html]
[www.hw.ac.uk/dubai/about/schools/ebs/gary-pheiffer.html]
[www.hw.ac.uk/dubai/img/Profiles/Fantham_rdax_174x260p.jpg]
[www.hw.ac.uk/dubai/about/schools/ebs/gregory-fanthom.html]
[www.hw.ac.uk/dubai/about/schools/ebs/ishfaq-vaja.html]
[www.hw.ac.uk/dubai/about/schools/ebs/jyothsna-appaiah.html]
[www.hw.ac.uk/dubai/img/Profiles/Butterfield_rdax_208x260p.jpg]
[www.hw.ac.uk/dubai/about/schools/ebs/tanya-mcguane.html]
[www.hw.ac.uk/dubai/img/Kirin_fingers-locked_rdax_260x231s.jpg]
[www.hw.ac.uk/dubai/about/schools/ebs/kirin-hilliar.html]
[www.hw.ac.uk/dubai/img/Profiles/Bolton_rdax_208x260p.jpg]
[www.hw.ac.uk/dubai/about/schools/ebs/lucy-bolton.html]
[www.hw.ac.uk/dubai/img/Profiles/Muller_rdax_208x260p.jpg]
[www.hw.ac.uk/dubai/about/schools/ebs/marlene-muller.html]
[www.hw.ac.uk/dubai/about/schools/ebs/mary-arneaud.html]
[www.hw.ac.uk/dubai/about/schools/ebs/mercedes-sheen.html]
[www.hw.ac.uk/dubai/img/MilicaTadic_rdax_260x242s.jpg]
[www.hw.ac.uk/dubai/about/schools/ebs/milica-dakovic-tadic.html]
[www.hw.ac.uk/dubai/img/Profiles/Mathews_rdax_208x260p.jpg]
[www.hw.ac.uk/dubai/about/schools/ebs/minu-mathews.html]
[www.hw.ac.uk/dubai/img/GalahitiyaweNilakshi.jpg]
[www.hw.ac.uk/dubai/about/schools/ebs/nilakshi-galahitiyawe.html]
[www.hw.ac.uk/dubai/img/Paulpic_rdax_260x260s.jpg]
[www.hw.ac.uk/dubai/about/schools/ebs/paul-hopkinson.html]
[www.hw.ac.uk/dubai/img/Piki_rdax_260x259s.jpg]
[www.hw.ac.uk/dubai/about/schools/ebs/dr-pik-ki-ho.html]
[www.hw.ac.uk/dubai/img/Profiles/Sitko_rdax_174x260p.jpg]
[www.hw.ac.uk/dubai/about/schools/ebs/rafal-sitko.html]
[www.hw.ac.uk/dubai/about/schools/ebs/rofayda-elhout.html]
[www.hw.ac.uk/dubai/img/RossCurran_rdax_260x251s.jpg]
[www.hw.ac.uk/dubai/about/schools/ebs/ross-curran.html]
[www.hw.ac.uk/dubai/img/SeanPicture_rdax_257x260s.jpg]
[www.hw.ac.uk/dubai/about/schools/ebs/sean-lochrie.html]
[www.hw.ac.uk/dubai/img/Profiles/Nassar_rdax_208x260p.jpg]
[www.hw.ac.uk/dubai/about/schools/ebs/shereen-nassar.html]
[www.hw.ac.uk/dubai/img/Profiles/Shirin_rdax_208x260p.jpg]
[www.hw.ac.uk/dubai/about/schools/ebs/shirin-jarrar.html]
[www.hw.ac.uk/dubai/img/Profiles/Sonya_rdax_208x260p.jpg]
[www.hw.ac.uk/dubai/about/schools/ebs/sonya-fernandes-e-dsouza.html]
[www.hw.ac.uk/dubai/img/Profiles/Mathur_rdax_180x260p.jpg]
[www.hw.ac.uk/dubai/about/schools/ebs/sunita-mathur.html]
[www.hw.ac.uk/dubai/about/schools/ebs/tracie-lea-scott.html]
[www.hw.ac.uk/dubai/img/Profiles/Rao_rdax_208x260p.jpg]
[www.hw.ac.uk/dubai/about/schools/ebs/ullas-rao.html]
[www.hw.ac.uk/dubai/about/schools/ebs/staff.html]
[www.hw.ac.uk/dubai/about/schools/ebs/zakiya-abdul-samad.html]
[www.hw.ac.uk/dubai/img/banners/ebs-post-its.jpg]
[www.hw.ac.uk/dubai/img/banners/ebs-post-its_rdax_600x225_75s.jpg]
[www.hw.ac.uk/dubai/study/postgraduate/masters-business-administration.html]
[www.hw.ac.uk/dubai/img/profiles/DIMA_rdax_260x260s.jpg]
[www.hw.ac.uk/dubai/profiles/dima-alkawadri.html]
[www.hw.ac.uk/dubai/profiles/anton-storey.html]
[www.hw.ac.uk/dubai/img/profiles/maged-youseeff_rdax_223x260s.jpg]
[www.hw.ac.uk/dubai/profiles/maged-kamal-youssef.html]
[www.hw.ac.uk/dubai/img/profiles/vanessa-northway_rdax_208x260s.jpg]
[www.hw.ac.uk/dubai/profiles/vanessa-northway.html]
[www.hw.ac.uk/dubai/about/schools/tex/element.href]
[www.hw.ac.uk/dubai/about/schools/tex/staff.html]
[www.hw.ac.uk/dubai/profiles/services/dubai/element.href]
[www.hw.ac.uk/dubai/profiles/services/dubai/abdelrahman-el-nimer.html]
[www.hw.ac.uk/dubai/profiles/services/dubai/ablante-endalkachew.html]
[www.hw.ac.uk/dubai/profiles/services/dubai/adriana-matons.html]
[www.hw.ac.uk/dubai/img/Profiles/Khan.jpg]
[www.hw.ac.uk/dubai/profiles/services/dubai/aftab-ali-khan.html]
[www.hw.ac.uk/dubai/profiles/services/dubai/aiman-kamel.html]
[www.hw.ac.uk/dubai/profiles/services/dubai/aisha-shaikh.html]
[www.hw.ac.uk/dubai/profiles/services/dubai/albin-jose.html]
[www.hw.ac.uk/dubai/profiles/services/dubai/alexandr-leonets.html]
[www.hw.ac.uk/dubai/img/alicia-gabriel.jpg]
[www.hw.ac.uk/dubai/profiles/services/dubai/alicia-gabriel.html]
[www.hw.ac.uk/dubai/profiles/services/dubai/alison-chan.html]
[www.hw.ac.uk/dubai/profiles/services/dubai/allyson-fiona-noble.html]
[www.hw.ac.uk/dubai/img/ammar-kaka.jpg]
[www.hw.ac.uk/dubai/profiles/services/dubai/ammar-kaka.html]
[www.hw.ac.uk/dubai/profiles/services/dubai/anas-ghoush.html]
[www.hw.ac.uk/dubai/profiles/services/dubai/arnab-acharyya.html]
[www.hw.ac.uk/dubai/profiles/services/dubai/ashik-salim.html]
[www.hw.ac.uk/dubai/img/Profiles/Saula.jpg]
[www.hw.ac.uk/dubai/profiles/services/dubai/ayubu-saula.html]
[www.hw.ac.uk/dubai/img/Profiles/Maben.jpg]
[www.hw.ac.uk/dubai/profiles/services/dubai/benita-maben.html]
[www.hw.ac.uk/dubai/profiles/services/dubai/bhea-pulido.html]
[www.hw.ac.uk/dubai/profiles/services/dubai/cameron-mehrabanpour.html]
[www.hw.ac.uk/dubai/profiles/services/dubai/caroline-rebello.html]
[www.hw.ac.uk/dubai/profiles/services/dubai/charlotte-ramsey.html]
[www.hw.ac.uk/dubai/profiles/services/dubai/charlotte-turner.html]
[www.hw.ac.uk/dubai/profiles/services/dubai/chiara-maria-cutajar.html]
